zfuncs.f:396:0:rgbf	96	static
zfuncs.f:781:0:rzhef	32	static
zfuncs.f:768:0:lzhef	32	static
zfuncs.f:727:0:lzahbf	112	static
zfuncs.f:661:0:rminf	48	static
zfuncs.f:425:0:ragbf	80	static
zfuncs.f:629:0:lheif	48	static
zfuncs.f:792:0:themsf	32	static
zfuncs.f:548:0:mbagbf	16	static
zfuncs.f:536:0:mcagbf	32	static
zfuncs.f:18:0:rzamsf	8	static
zfuncs.f:2:0:lzamsf	8	static
zfuncs.f:35:0:tbgbf	48	static
zfuncs.f:50:0:tbgbdf	8	static
zfuncs.f:69:0:tbgdzf	8	static
zfuncs.f:88:0:thookf	48	static
zfuncs.f:105:0:ltmsf	80	static
zfuncs.f:119:0:lalphf	64	static
zfuncs.f:147:0:lbetaf	80	static
zfuncs.f:166:0:lnetaf	8	static
zfuncs.f:186:0:lhookf	96	static
zfuncs.f:208:0:rtmsf	80	static
zfuncs.f:234:0:ralphf	80	static
zfuncs.f:260:0:rbetaf	80	static
zfuncs.f:288:0:rgammf	112	static
zfuncs.f:315:0:rhookf	96	static
zfuncs.f:342:0:lbgbf	64	static
zfuncs.f:357:0:lbgbdf	160	static
zfuncs.f:376:0:lbagbf	96	static
zfuncs.f:410:0:rgbdf	112	static
zfuncs.f:455:0:ragbdf	96	static
zfuncs.f:486:0:mctmsf	16	static
zfuncs.f:500:0:mcheif	96	static
zfuncs.f:517:0:mheif	96	static
zfuncs.f:565:0:mcgbtf	16	static
zfuncs.f:582:0:lgbtf	32	static
zfuncs.f:599:0:mcgbf	16	static
zfuncs.f:614:0:lmcgbf	32	static
zfuncs.f:647:0:lhef	64	static
zfuncs.f:675:0:thef	80	static
zfuncs.f:700:0:tblf	96	static
zfuncs.f:748:0:rzahbf	112	static
zfuncs.f:803:0:rhehgf	80	static
zfuncs.f:816:0:rhegbf	16	static
zfuncs.f:827:0:lpertf	64	static
zfuncs.f:841:0:rpertf	96	static
zfuncs.f:858:0:vrotf	32	static
zfuncs.f:867:0:celamf	128	static
